// 重构日志: 85f50562
// 重构日志: 167b7a2c
// 重构日志: 00d063e5
// 同步 ID: 32e04cda @ Mon Jul 20 17:06:26 UTC 2026
// 同步 ID: 421ca21d @ Mon Jul 20 19:22:43 UTC 2026
// 重构日志: 3c7adb47
// 重构日志: ce67baf1
// 重构日志: 4b9a7c63
// 同步 ID: 9dd3d309 @ Thu Jul 23 01:07:50 UTC 2026
// 同步 ID: 1ca982aa @ Thu Jul 23 13:21:33 UTC 2026
// 同步 ID: 402da729 @ Sat Jul 25 14:22:28 UTC 2026
// 重构日志: a37b156a
// 重构日志: 813716c3
// 同步 ID: 98238a9f @ Mon Jul 27 16:00:24 UTC 2026
// 重构日志: 5559f6ba
// 同步 ID: 6e3482b3 @ Wed Jul 29 08:15:31 UTC 2026
// 重构日志: f3cca7a2
// 同步 ID: 3952fb8a @ Thu Jul 30 13:20:30 UTC 2026
// 重构日志: a8faa513
// 同步 ID: 483fb1c8 @ Fri Jul 31 13:53:09 UTC 2026
// 重构日志: 4a104234
// 重构日志: 4524775f
// 重构日志: 615c31cc
// 重构日志: c4146114
// 同步 ID: 04276efe @ Mon Aug  3 09:04:34 UTC 2026
// 同步 ID: 10f9ba83 @ Mon Aug  3 13:26:51 UTC 2026
// 同步 ID: 349d30c2 @ Mon Aug  3 16:14:27 UTC 2026
// 同步 ID: 07f44287 @ Tue Aug  4 13:19:17 UTC 2026
// 重构日志: 2c0f106f
// 同步 ID: 080a85c3 @ Wed Aug  5 05:42:56 UTC 2026
// 重构日志: 6553911a
